<html>
<body>
<pre>
<h1>µVision Build Log</h1>
<h2>Project:</h2>
E:\#Desktop\Siddhanta\Desktop\#NIT nagaland\#2020\Embedded system lab\Interfacing Arm\Exp1\Exp1.uvproj
Project File Date:  01/28/2020

<h2>Output:</h2>
Rebuild target 'Target 1'
assembling Startup.s...
compiling LED_Blinking.c...
linking...
Program Size: Code=832 RO-data=16 RW-data=0 ZI-data=1256  
FromELF: creating hex file...
".\Exp1.axf" - 0 Error(s), 0 Warning(s).
</pre>
</body>
</html>
ing.c...
"LED_Blinking.c" - 0 Error(s), 0 Warning(s).
